ARM Linker, 4.1 [Build 894] [Evaluation]

==============================================================================

Section Cross References

    startup.o(RESET) refers to startup.o(STACK) for __initial_sp
    startup.o(RESET) refers to timer.o(.text) for SYSTICKIntHandler
    startup.o(RESET) refers to uart.o(.text) for UART0IntHandler
    startup.o(RESET) refers to entry.o(.ARM.Collect$$$$00000000) for __main
    startup.o(.text) refers to startup.o(HEAP) for __heap_base
    startup.o(.text) refers to startup.o(STACK) for StackMem
    main.o(.text) refers to pll.o(.text) for PLL_Init
    main.o(.text) refers to gpioinitialize.o(.text) for initializeGpioPins
    main.o(.text) refers to uart.o(.text) for InitializeUART
    main.o(.text) refers to adc.o(.text) for initializeADC
    main.o(.text) refers to timer.o(.text) for initializeSysTick
    main.o(.text) refers to spi.o(.text) for initializeSPI0
    main.o(.text) refers to apps.o(.text) for detectMaster
    main.o(.text) refers to apps.o(.data) for masterDevice
    uart.o(.text) refers to circular_buffer.o(.text) for cBufInit
    uart.o(.text) refers to startup.o(.text) for DisableInterrupts
    uart.o(.text) refers to uart.o(.bss) for uart0_rx_buff
    uart.o(.text) refers to errno.o(i.__aeabi_errno_addr) for __aeabi_errno_addr
    uart.o(.text) refers to stdout.o(.data) for __stdout
    uart.o(.text) refers to stdin.o(.data) for __stdin
    circular_buffer.o(.text) refers to malloc.o(i.malloc) for malloc
    adc.o(.text) refers to startup.o(.text) for StartCritical
    adc.o(.text) refers to timer.o(.data) for AlertADC0
    adc.o(.text) refers to adc.o(.data) for NewdutyCycle1
    timer.o(.text) refers to startup.o(.text) for EnableInterrupts
    timer.o(.text) refers to timer.o(.data) for secCount
    timer.o(.text) refers to apps.o(.data) for OneSecond
    buttonpress.o(.text) refers to startup.o(.text) for StartCritical
    buttonpress.o(.text) refers to timer.o(.data) for AlertDebounce
    buttonpress.o(.text) refers to buttonpress.o(.data) for countSW2_0
    buttonpress.o(.text) refers to led_chars.o(.data) for current_patten
    ledupdate.o(.text) refers to startup.o(.text) for StartCritical
    ledupdate.o(.text) refers to led_chars.o(.text) for getLCDRow
    ledupdate.o(.text) refers to timer.o(.data) for AlertRowUpdate
    ledupdate.o(.text) refers to buttonpress.o(.data) for Color
    ledupdate.o(.text) refers to ledupdate.o(.data) for PortF
    ledupdate.o(.text) refers to led_chars.o(.data) for refresh
    ledupdate.o(.text) refers to ledupdate.o(.constdata) for LED_FACES
    led_chars.o(.text) refers to printf6.o(i.__0sprintf$6) for __2sprintf
    led_chars.o(.text) refers to rand.o(.text) for rand
    led_chars.o(.text) refers to uldiv.o(.text) for __aeabi_uldivmod
    led_chars.o(.text) refers to apps.o(.data) for miss_count
    led_chars.o(.text) refers to led_chars.o(.data) for scoreEnable
    led_chars.o(.text) refers to led_chars.o(.bss) for buffer
    led_chars.o(.text) refers to led_chars.o(.constdata) for LED_SQR
    led_chars.o(.text) refers to buttonpress.o(.data) for hit
    led_chars.o(.text) refers to adc.o(.data) for NewdutyCycle1
    led_chars.o(.text) refers to ledupdate.o(.data) for mix_color_flag
    spi.o(.text) refers to spi.o(.data) for Spi0
    apps.o(.text) refers to _scanf_str.o(.text) for _scanf_string
    apps.o(.text) refers to uart.o(.text) for uartTx
    apps.o(.text) refers to spi.o(.text) for spi_eeprom_read_byte
    apps.o(.text) refers to strncmp.o(.text) for strncmp
    apps.o(.text) refers to printf6.o(i.__0printf$6) for __2printf
    apps.o(.text) refers to ledupdate.o(.text) for faceOn
    apps.o(.text) refers to __0scanf.o(.text) for __0scanf
    apps.o(.text) refers to timer.o(.text) for initializeWatchdogTimer1
    apps.o(.text) refers to startup.o(.text) for DisableInterrupts
    apps.o(.text) refers to adc.o(.text) for getDutyCycle
    apps.o(.text) refers to buttonpress.o(.text) for examineButtons
    apps.o(.text) refers to apps.o(.data) for WatchdogClear
    apps.o(.text) refers to led_chars.o(.data) for gameEnd
    apps.o(.text) refers to apps.o(.bss) for cur_gamer_name
    entry.o(.ARM.Collect$$$$00000000) refers (Special) to entry7b.o(.ARM.Collect$$$$00000008) for _main_clock
    entry.o(.ARM.Collect$$$$00000000) refers (Special) to entry8.o(.ARM.Collect$$$$00000009) for _main_init
    entry.o(.ARM.Collect$$$$00000000) refers (Special) to entry5.o(.ARM.Collect$$$$00000004) for _main_scatterload
    entry.o(.ARM.Collect$$$$00000000) refers (Special) to entry2.o(.ARM.Collect$$$$00000001) for _main_stk
    uldiv.o(.text) refers to llushr.o(.text) for __aeabi_llsr
    uldiv.o(.text) refers to llshl.o(.text) for __aeabi_llsl
    rand.o(.text) refers to rand.o(.data) for .data
    printfb.o(i.__0fprintf$bare) refers to printfb.o(i._printf_core) for _printf_core
    printfb.o(i.__0fprintf$bare) refers to uart.o(.text) for fputc
    printfb.o(i.__0printf$bare) refers to printfb.o(i._printf_core) for _printf_core
    printfb.o(i.__0printf$bare) refers to uart.o(.text) for fputc
    printfb.o(i.__0printf$bare) refers to stdout.o(.data) for __stdout
    printfb.o(i.__0snprintf$bare) refers to printfb.o(i._printf_core) for _printf_core
    printfb.o(i.__0snprintf$bare) refers to printfb.o(i._snputc) for _snputc
    printfb.o(i.__0sprintf$bare) refers to printfb.o(i._printf_core) for _printf_core
    printfb.o(i.__0sprintf$bare) refers to printfb.o(i._sputc) for _sputc
    printfb.o(i.__0vfprintf$bare) refers to printfb.o(i._printf_core) for _printf_core
    printfb.o(i.__0vfprintf$bare) refers to uart.o(.text) for fputc
    printfb.o(i.__0vprintf$bare) refers to printfb.o(i._printf_core) for _printf_core
    printfb.o(i.__0vprintf$bare) refers to uart.o(.text) for fputc
    printfb.o(i.__0vprintf$bare) refers to stdout.o(.data) for __stdout
    printfb.o(i.__0vsnprintf$bare) refers to printfb.o(i._printf_core) for _printf_core
    printfb.o(i.__0vsnprintf$bare) refers to printfb.o(i._snputc) for _snputc
    printfb.o(i.__0vsprintf$bare) refers to printfb.o(i._printf_core) for _printf_core
    printfb.o(i.__0vsprintf$bare) refers to printfb.o(i._sputc) for _sputc
    printf0.o(i.__0fprintf$0) refers to printf0.o(i._printf_core) for _printf_core
    printf0.o(i.__0fprintf$0) refers to uart.o(.text) for fputc
    printf0.o(i.__0printf$0) refers to printf0.o(i._printf_core) for _printf_core
    printf0.o(i.__0printf$0) refers to uart.o(.text) for fputc
    printf0.o(i.__0printf$0) refers to stdout.o(.data) for __stdout
    printf0.o(i.__0snprintf$0) refers to printf0.o(i._printf_core) for _printf_core
    printf0.o(i.__0snprintf$0) refers to printf0.o(i._snputc) for _snputc
    printf0.o(i.__0sprintf$0) refers to printf0.o(i._printf_core) for _printf_core
    printf0.o(i.__0sprintf$0) refers to printf0.o(i._sputc) for _sputc
    printf0.o(i.__0vfprintf$0) refers to printf0.o(i._printf_core) for _printf_core
    printf0.o(i.__0vfprintf$0) refers to uart.o(.text) for fputc
    printf0.o(i.__0vprintf$0) refers to printf0.o(i._printf_core) for _printf_core
    printf0.o(i.__0vprintf$0) refers to uart.o(.text) for fputc
    printf0.o(i.__0vprintf$0) refers to stdout.o(.data) for __stdout
    printf0.o(i.__0vsnprintf$0) refers to printf0.o(i._printf_core) for _printf_core
    printf0.o(i.__0vsnprintf$0) refers to printf0.o(i._snputc) for _snputc
    printf0.o(i.__0vsprintf$0) refers to printf0.o(i._printf_core) for _printf_core
    printf0.o(i.__0vsprintf$0) refers to printf0.o(i._sputc) for _sputc
    printf1.o(i.__0fprintf$1) refers to printf1.o(i._printf_core) for _printf_core
    printf1.o(i.__0fprintf$1) refers to uart.o(.text) for fputc
    printf1.o(i.__0printf$1) refers to printf1.o(i._printf_core) for _printf_core
    printf1.o(i.__0printf$1) refers to uart.o(.text) for fputc
    printf1.o(i.__0printf$1) refers to stdout.o(.data) for __stdout
    printf1.o(i.__0snprintf$1) refers to printf1.o(i._printf_core) for _printf_core
    printf1.o(i.__0snprintf$1) refers to printf1.o(i._snputc) for _snputc
    printf1.o(i.__0sprintf$1) refers to printf1.o(i._printf_core) for _printf_core
    printf1.o(i.__0sprintf$1) refers to printf1.o(i._sputc) for _sputc
    printf1.o(i.__0vfprintf$1) refers to printf1.o(i._printf_core) for _printf_core
    printf1.o(i.__0vfprintf$1) refers to uart.o(.text) for fputc
    printf1.o(i.__0vprintf$1) refers to printf1.o(i._printf_core) for _printf_core
    printf1.o(i.__0vprintf$1) refers to uart.o(.text) for fputc
    printf1.o(i.__0vprintf$1) refers to stdout.o(.data) for __stdout
    printf1.o(i.__0vsnprintf$1) refers to printf1.o(i._printf_core) for _printf_core
    printf1.o(i.__0vsnprintf$1) refers to printf1.o(i._snputc) for _snputc
    printf1.o(i.__0vsprintf$1) refers to printf1.o(i._printf_core) for _printf_core
    printf1.o(i.__0vsprintf$1) refers to printf1.o(i._sputc) for _sputc
    printf1.o(i._printf_core) refers to uidiv.o(.text) for __aeabi_uidivmod
    printf2.o(i.__0fprintf$2) refers to printf2.o(i._printf_core) for _printf_core
    printf2.o(i.__0fprintf$2) refers to uart.o(.text) for fputc
    printf2.o(i.__0printf$2) refers to printf2.o(i._printf_core) for _printf_core
    printf2.o(i.__0printf$2) refers to uart.o(.text) for fputc
    printf2.o(i.__0printf$2) refers to stdout.o(.data) for __stdout
    printf2.o(i.__0snprintf$2) refers to printf2.o(i._printf_core) for _printf_core
    printf2.o(i.__0snprintf$2) refers to printf2.o(i._snputc) for _snputc
    printf2.o(i.__0sprintf$2) refers to printf2.o(i._printf_core) for _printf_core
    printf2.o(i.__0sprintf$2) refers to printf2.o(i._sputc) for _sputc
    printf2.o(i.__0vfprintf$2) refers to printf2.o(i._printf_core) for _printf_core
    printf2.o(i.__0vfprintf$2) refers to uart.o(.text) for fputc
    printf2.o(i.__0vprintf$2) refers to printf2.o(i._printf_core) for _printf_core
    printf2.o(i.__0vprintf$2) refers to uart.o(.text) for fputc
    printf2.o(i.__0vprintf$2) refers to stdout.o(.data) for __stdout
    printf2.o(i.__0vsnprintf$2) refers to printf2.o(i._printf_core) for _printf_core
    printf2.o(i.__0vsnprintf$2) refers to printf2.o(i._snputc) for _snputc
    printf2.o(i.__0vsprintf$2) refers to printf2.o(i._printf_core) for _printf_core
    printf2.o(i.__0vsprintf$2) refers to printf2.o(i._sputc) for _sputc
    printf3.o(i.__0fprintf$3) refers to printf3.o(i._printf_core) for _printf_core
    printf3.o(i.__0fprintf$3) refers to uart.o(.text) for fputc
    printf3.o(i.__0printf$3) refers to printf3.o(i._printf_core) for _printf_core
    printf3.o(i.__0printf$3) refers to uart.o(.text) for fputc
    printf3.o(i.__0printf$3) refers to stdout.o(.data) for __stdout
    printf3.o(i.__0snprintf$3) refers to printf3.o(i._printf_core) for _printf_core
    printf3.o(i.__0snprintf$3) refers to printf3.o(i._snputc) for _snputc
    printf3.o(i.__0sprintf$3) refers to printf3.o(i._printf_core) for _printf_core
    printf3.o(i.__0sprintf$3) refers to printf3.o(i._sputc) for _sputc
    printf3.o(i.__0vfprintf$3) refers to printf3.o(i._printf_core) for _printf_core
    printf3.o(i.__0vfprintf$3) refers to uart.o(.text) for fputc
    printf3.o(i.__0vprintf$3) refers to printf3.o(i._printf_core) for _printf_core
    printf3.o(i.__0vprintf$3) refers to uart.o(.text) for fputc
    printf3.o(i.__0vprintf$3) refers to stdout.o(.data) for __stdout
    printf3.o(i.__0vsnprintf$3) refers to printf3.o(i._printf_core) for _printf_core
    printf3.o(i.__0vsnprintf$3) refers to printf3.o(i._snputc) for _snputc
    printf3.o(i.__0vsprintf$3) refers to printf3.o(i._printf_core) for _printf_core
    printf3.o(i.__0vsprintf$3) refers to printf3.o(i._sputc) for _sputc
    printf3.o(i._printf_core) refers to uidiv.o(.text) for __aeabi_uidivmod
    printf4.o(i.__0fprintf$4) refers to printf4.o(i._printf_core) for _printf_core
    printf4.o(i.__0fprintf$4) refers to uart.o(.text) for fputc
    printf4.o(i.__0printf$4) refers to printf4.o(i._printf_core) for _printf_core
    printf4.o(i.__0printf$4) refers to uart.o(.text) for fputc
    printf4.o(i.__0printf$4) refers to stdout.o(.data) for __stdout
    printf4.o(i.__0snprintf$4) refers to printf4.o(i._printf_core) for _printf_core
    printf4.o(i.__0snprintf$4) refers to printf4.o(i._snputc) for _snputc
    printf4.o(i.__0sprintf$4) refers to printf4.o(i._printf_core) for _printf_core
    printf4.o(i.__0sprintf$4) refers to printf4.o(i._sputc) for _sputc
    printf4.o(i.__0vfprintf$4) refers to printf4.o(i._printf_core) for _printf_core
    printf4.o(i.__0vfprintf$4) refers to uart.o(.text) for fputc
    printf4.o(i.__0vprintf$4) refers to printf4.o(i._printf_core) for _printf_core
    printf4.o(i.__0vprintf$4) refers to uart.o(.text) for fputc
    printf4.o(i.__0vprintf$4) refers to stdout.o(.data) for __stdout
    printf4.o(i.__0vsnprintf$4) refers to printf4.o(i._printf_core) for _printf_core
    printf4.o(i.__0vsnprintf$4) refers to printf4.o(i._snputc) for _snputc
    printf4.o(i.__0vsprintf$4) refers to printf4.o(i._printf_core) for _printf_core
    printf4.o(i.__0vsprintf$4) refers to printf4.o(i._sputc) for _sputc
    printf4.o(i._printf_core) refers to uldiv.o(.text) for __aeabi_uldivmod
    printf5.o(i.__0fprintf$5) refers to printf5.o(i._printf_core) for _printf_core
    printf5.o(i.__0fprintf$5) refers to uart.o(.text) for fputc
    printf5.o(i.__0printf$5) refers to printf5.o(i._printf_core) for _printf_core
    printf5.o(i.__0printf$5) refers to uart.o(.text) for fputc
    printf5.o(i.__0printf$5) refers to stdout.o(.data) for __stdout
    printf5.o(i.__0snprintf$5) refers to printf5.o(i._printf_core) for _printf_core
    printf5.o(i.__0snprintf$5) refers to printf5.o(i._snputc) for _snputc
    printf5.o(i.__0sprintf$5) refers to printf5.o(i._printf_core) for _printf_core
    printf5.o(i.__0sprintf$5) refers to printf5.o(i._sputc) for _sputc
    printf5.o(i.__0vfprintf$5) refers to printf5.o(i._printf_core) for _printf_core
    printf5.o(i.__0vfprintf$5) refers to uart.o(.text) for fputc
    printf5.o(i.__0vprintf$5) refers to printf5.o(i._printf_core) for _printf_core
    printf5.o(i.__0vprintf$5) refers to uart.o(.text) for fputc
    printf5.o(i.__0vprintf$5) refers to stdout.o(.data) for __stdout
    printf5.o(i.__0vsnprintf$5) refers to printf5.o(i._printf_core) for _printf_core
    printf5.o(i.__0vsnprintf$5) refers to printf5.o(i._snputc) for _snputc
    printf5.o(i.__0vsprintf$5) refers to printf5.o(i._printf_core) for _printf_core
    printf5.o(i.__0vsprintf$5) refers to printf5.o(i._sputc) for _sputc
    printf5.o(i._printf_core) refers to uldiv.o(.text) for __aeabi_uldivmod
    printf6.o(i.__0fprintf$6) refers to printf6.o(i._printf_core) for _printf_core
    printf6.o(i.__0fprintf$6) refers to uart.o(.text) for fputc
    printf6.o(i.__0printf$6) refers to printf6.o(i._printf_core) for _printf_core
    printf6.o(i.__0printf$6) refers to uart.o(.text) for fputc
    printf6.o(i.__0printf$6) refers to stdout.o(.data) for __stdout
    printf6.o(i.__0snprintf$6) refers to printf6.o(i._printf_core) for _printf_core
    printf6.o(i.__0snprintf$6) refers to printf6.o(i._snputc) for _snputc
    printf6.o(i.__0sprintf$6) refers to printf6.o(i._printf_core) for _printf_core
    printf6.o(i.__0sprintf$6) refers to printf6.o(i._sputc) for _sputc
    printf6.o(i.__0vfprintf$6) refers to printf6.o(i._printf_core) for _printf_core
    printf6.o(i.__0vfprintf$6) refers to uart.o(.text) for fputc
    printf6.o(i.__0vprintf$6) refers to printf6.o(i._printf_core) for _printf_core
    printf6.o(i.__0vprintf$6) refers to uart.o(.text) for fputc
    printf6.o(i.__0vprintf$6) refers to stdout.o(.data) for __stdout
    printf6.o(i.__0vsnprintf$6) refers to printf6.o(i._printf_core) for _printf_core
    printf6.o(i.__0vsnprintf$6) refers to printf6.o(i._snputc) for _snputc
    printf6.o(i.__0vsprintf$6) refers to printf6.o(i._printf_core) for _printf_core
    printf6.o(i.__0vsprintf$6) refers to printf6.o(i._sputc) for _sputc
    printf6.o(i._printf_core) refers to printf6.o(i._printf_pre_padding) for _printf_pre_padding
    printf6.o(i._printf_core) refers to uidiv.o(.text) for __aeabi_uidivmod
    printf6.o(i._printf_core) refers to printf6.o(i._printf_post_padding) for _printf_post_padding
    printf7.o(i.__0fprintf$7) refers to printf7.o(i._printf_core) for _printf_core
    printf7.o(i.__0fprintf$7) refers to uart.o(.text) for fputc
    printf7.o(i.__0printf$7) refers to printf7.o(i._printf_core) for _printf_core
    printf7.o(i.__0printf$7) refers to uart.o(.text) for fputc
    printf7.o(i.__0printf$7) refers to stdout.o(.data) for __stdout
    printf7.o(i.__0snprintf$7) refers to printf7.o(i._printf_core) for _printf_core
    printf7.o(i.__0snprintf$7) refers to printf7.o(i._snputc) for _snputc
    printf7.o(i.__0sprintf$7) refers to printf7.o(i._printf_core) for _printf_core
    printf7.o(i.__0sprintf$7) refers to printf7.o(i._sputc) for _sputc
    printf7.o(i.__0vfprintf$7) refers to printf7.o(i._printf_core) for _printf_core
    printf7.o(i.__0vfprintf$7) refers to uart.o(.text) for fputc
    printf7.o(i.__0vprintf$7) refers to printf7.o(i._printf_core) for _printf_core
    printf7.o(i.__0vprintf$7) refers to uart.o(.text) for fputc
    printf7.o(i.__0vprintf$7) refers to stdout.o(.data) for __stdout
    printf7.o(i.__0vsnprintf$7) refers to printf7.o(i._printf_core) for _printf_core
    printf7.o(i.__0vsnprintf$7) refers to printf7.o(i._snputc) for _snputc
    printf7.o(i.__0vsprintf$7) refers to printf7.o(i._printf_core) for _printf_core
    printf7.o(i.__0vsprintf$7) refers to printf7.o(i._sputc) for _sputc
    printf7.o(i._printf_core) refers to printf7.o(i._printf_pre_padding) for _printf_pre_padding
    printf7.o(i._printf_core) refers to uldiv.o(.text) for __aeabi_uldivmod
    printf7.o(i._printf_core) refers to printf7.o(i._printf_post_padding) for _printf_post_padding
    printf8.o(i.__0fprintf$8) refers to printf8.o(i._printf_core) for _printf_core
    printf8.o(i.__0fprintf$8) refers to uart.o(.text) for fputc
    printf8.o(i.__0printf$8) refers to printf8.o(i._printf_core) for _printf_core
    printf8.o(i.__0printf$8) refers to uart.o(.text) for fputc
    printf8.o(i.__0printf$8) refers to stdout.o(.data) for __stdout
    printf8.o(i.__0snprintf$8) refers to printf8.o(i._printf_core) for _printf_core
    printf8.o(i.__0snprintf$8) refers to printf8.o(i._snputc) for _snputc
    printf8.o(i.__0sprintf$8) refers to printf8.o(i._printf_core) for _printf_core
    printf8.o(i.__0sprintf$8) refers to printf8.o(i._sputc) for _sputc
    printf8.o(i.__0vfprintf$8) refers to printf8.o(i._printf_core) for _printf_core
    printf8.o(i.__0vfprintf$8) refers to uart.o(.text) for fputc
    printf8.o(i.__0vprintf$8) refers to printf8.o(i._printf_core) for _printf_core
    printf8.o(i.__0vprintf$8) refers to uart.o(.text) for fputc
    printf8.o(i.__0vprintf$8) refers to stdout.o(.data) for __stdout
    printf8.o(i.__0vsnprintf$8) refers to printf8.o(i._printf_core) for _printf_core
    printf8.o(i.__0vsnprintf$8) refers to printf8.o(i._snputc) for _snputc
    printf8.o(i.__0vsprintf$8) refers to printf8.o(i._printf_core) for _printf_core
    printf8.o(i.__0vsprintf$8) refers to printf8.o(i._sputc) for _sputc
    printf8.o(i._printf_core) refers to printf8.o(i._printf_pre_padding) for _printf_pre_padding
    printf8.o(i._printf_core) refers to uldiv.o(.text) for __aeabi_uldivmod
    printf8.o(i._printf_core) refers to printf8.o(i._printf_post_padding) for _printf_post_padding
    printfa.o(i.__0fprintf) refers (Special) to iusefp.o(.text) for __I$use$fp
    printfa.o(i.__0fprintf) refers to printfa.o(i._printf_core) for _printf_core
    printfa.o(i.__0fprintf) refers to uart.o(.text) for fputc
    printfa.o(i.__0printf) refers (Special) to iusefp.o(.text) for __I$use$fp
    printfa.o(i.__0printf) refers to printfa.o(i._printf_core) for _printf_core
    printfa.o(i.__0printf) refers to uart.o(.text) for fputc
    printfa.o(i.__0printf) refers to stdout.o(.data) for __stdout
    printfa.o(i.__0snprintf) refers (Special) to iusefp.o(.text) for __I$use$fp
    printfa.o(i.__0snprintf) refers to printfa.o(i._printf_core) for _printf_core
    printfa.o(i.__0snprintf) refers to printfa.o(i._snputc) for _snputc
    printfa.o(i.__0sprintf) refers (Special) to iusefp.o(.text) for __I$use$fp
    printfa.o(i.__0sprintf) refers to printfa.o(i._printf_core) for _printf_core
    printfa.o(i.__0sprintf) refers to printfa.o(i._sputc) for _sputc
    printfa.o(i.__0vfprintf) refers (Special) to iusefp.o(.text) for __I$use$fp
    printfa.o(i.__0vfprintf) refers to printfa.o(i._printf_core) for _printf_core
    printfa.o(i.__0vfprintf) refers to uart.o(.text) for fputc
    printfa.o(i.__0vprintf) refers (Special) to iusefp.o(.text) for __I$use$fp
    printfa.o(i.__0vprintf) refers to printfa.o(i._printf_core) for _printf_core
    printfa.o(i.__0vprintf) refers to uart.o(.text) for fputc
    printfa.o(i.__0vprintf) refers to stdout.o(.data) for __stdout
    printfa.o(i.__0vsnprintf) refers (Special) to iusefp.o(.text) for __I$use$fp
    printfa.o(i.__0vsnprintf) refers to printfa.o(i._printf_core) for _printf_core
    printfa.o(i.__0vsnprintf) refers to printfa.o(i._snputc) for _snputc
    printfa.o(i.__0vsprintf) refers (Special) to iusefp.o(.text) for __I$use$fp
    printfa.o(i.__0vsprintf) refers to printfa.o(i._printf_core) for _printf_core
    printfa.o(i.__0vsprintf) refers to printfa.o(i._sputc) for _sputc
    printfa.o(i._fp_digits) refers (Special) to iusefp.o(.text) for __I$use$fp
    printfa.o(i._fp_digits) refers to dmul.o(.text) for __aeabi_dmul
    printfa.o(i._fp_digits) refers to ddiv.o(.text) for __aeabi_ddiv
    printfa.o(i._fp_digits) refers to cdrcmple.o(.text) for __aeabi_cdrcmple
    printfa.o(i._fp_digits) refers to dadd.o(.text) for __aeabi_dadd
    printfa.o(i._fp_digits) refers to dfixul.o(.text) for __aeabi_d2ulz
    printfa.o(i._fp_digits) refers to uldiv.o(.text) for __aeabi_uldivmod
    printfa.o(i._printf_core) refers (Special) to iusefp.o(.text) for __I$use$fp
    printfa.o(i._printf_core) refers to printfa.o(i._printf_pre_padding) for _printf_pre_padding
    printfa.o(i._printf_core) refers to uldiv.o(.text) for __aeabi_uldivmod
    printfa.o(i._printf_core) refers to printfa.o(i._printf_post_padding) for _printf_post_padding
    printfa.o(i._printf_core) refers to printfa.o(i._fp_digits) for _fp_digits
    printfa.o(i._printf_core) refers to uidiv.o(.text) for __aeabi_uidivmod
    printfa.o(i._printf_post_padding) refers (Special) to iusefp.o(.text) for __I$use$fp
    printfa.o(i._printf_pre_padding) refers (Special) to iusefp.o(.text) for __I$use$fp
    printfa.o(i._snputc) refers (Special) to iusefp.o(.text) for __I$use$fp
    printfa.o(i._sputc) refers (Special) to iusefp.o(.text) for __I$use$fp
    malloc.o(i.free) refers to mvars.o(.data) for __microlib_freelist
    malloc.o(i.malloc) refers to mvars.o(.data) for __microlib_freelist_initialised
    malloc.o(i.malloc) refers to mvars.o(.data) for __microlib_freelist
    malloc.o(i.malloc) refers to startup.o(HEAP) for __heap_base
    mallocr.o(i.__free$realloc) refers to mvars.o(.data) for __microlib_freelist
    mallocr.o(i.__malloc$realloc) refers to mallocr.o(i.internal_alloc) for internal_alloc
    mallocr.o(i.__malloc$realloc) refers to mvars.o(.data) for __microlib_freelist_initialised
    mallocr.o(i.__malloc$realloc) refers to startup.o(HEAP) for __heap_base
    mallocr.o(i.__malloc$realloc) refers to mvars.o(.data) for __microlib_freelist
    mallocr.o(i.internal_alloc) refers to memcpya.o(.text) for __aeabi_memcpy
    mallocr.o(i.internal_alloc) refers to mvars.o(.data) for __microlib_freelist
    mallocr.o(i.realloc) refers to mallocr.o(i.__free$realloc) for __free$realloc
    mallocr.o(i.realloc) refers to mallocr.o(i.internal_alloc) for internal_alloc
    mallocr.o(i.realloc) refers to mallocr.o(i.__malloc$realloc) for __malloc$realloc
    mallocr.o(i.realloc) refers to mvars.o(.data) for __microlib_freelist
    malloca.o(i.__aligned_malloc) refers to mvars.o(.data) for __microlib_freelist_initialised
    malloca.o(i.__aligned_malloc) refers to mvars.o(.data) for __microlib_freelist
    malloca.o(i.__aligned_malloc) refers to startup.o(HEAP) for __heap_base
    malloca.o(i.__free$memalign) refers to mvars.o(.data) for __microlib_freelist
    malloca.o(i.__malloc$memalign) refers to malloca.o(i.__aligned_malloc) for __aligned_malloc
    mallocra.o(i.__aligned_malloc$realloc) refers to mallocra.o(i.internal_alloc) for internal_alloc
    mallocra.o(i.__aligned_malloc$realloc) refers to mvars.o(.data) for __microlib_freelist_initialised
    mallocra.o(i.__aligned_malloc$realloc) refers to startup.o(HEAP) for __heap_base
    mallocra.o(i.__aligned_malloc$realloc) refers to mvars.o(.data) for __microlib_freelist
    mallocra.o(i.__free$realloc$memalign) refers to mvars.o(.data) for __microlib_freelist
    mallocra.o(i.__malloc$realloc$memalign) refers to mallocra.o(i.__aligned_malloc$realloc) for __aligned_malloc$realloc
    mallocra.o(i.__realloc$memalign) refers to mallocra.o(i.__free$realloc$memalign) for __free$realloc$memalign
    mallocra.o(i.__realloc$memalign) refers to mallocra.o(i.internal_alloc) for internal_alloc
    mallocra.o(i.__realloc$memalign) refers to mallocra.o(i.__malloc$realloc$memalign) for __malloc$realloc$memalign
    mallocra.o(i.__realloc$memalign) refers to mvars.o(.data) for __microlib_freelist
    mallocra.o(i.internal_alloc) refers to memcpya.o(.text) for __aeabi_memcpy
    mallocra.o(i.internal_alloc) refers to mvars.o(.data) for __microlib_freelist
    errno.o(i.__aeabi_errno_addr) refers to errno.o(.data) for .data
    errno.o(i.__read_errno) refers to errno.o(.data) for .data
    errno.o(i.__set_errno) refers to errno.o(.data) for .data
    __0scanf.o(.text) refers to scanf_char_file.o(.text) for __vfscanf_char_file
    __0scanf.o(.text) refers to stdin.o(.data) for __stdin
    entry2.o(.ARM.Collect$$$$00000001) refers to entry2.o(.ARM.Collect$$$$00002712) for __lit__00000000
    entry2.o(.ARM.Collect$$$$00002712) refers to startup.o(STACK) for __initial_sp
    entry2.o(__vectab_stack_and_reset_area) refers to startup.o(STACK) for __initial_sp
    entry2.o(__vectab_stack_and_reset_area) refers to entry.o(.ARM.Collect$$$$00000000) for __main
    entry5.o(.ARM.Collect$$$$00000004) refers to init.o(.text) for __scatterload
    entry8.o(.ARM.Collect$$$$00000009) refers to main.o(.text) for main
    scanf_char_file.o(.text) refers to scanf_char.o(.text) for __vfscanf_char
    scanf_char_file.o(.text) refers to uart.o(.text) for fgetc
    scanf_char_file.o(.text) refers to fgetc_b.o(.text) for __backspace
    dadd.o(.text) refers to llshl.o(.text) for __aeabi_llsl
    dadd.o(.text) refers to llsshr.o(.text) for __aeabi_lasr
    dadd.o(.text) refers to depilogue.o(.text) for _double_epilogue
    dmul.o(.text) refers to depilogue.o(.text) for _double_epilogue
    ddiv.o(.text) refers to depilogue.o(.text) for _double_round
    dfixul.o(.text) refers to llushr.o(.text) for __aeabi_llsr
    dfixul.o(.text) refers to llshl.o(.text) for __aeabi_llsl
    init.o(.text) refers to entry5.o(.ARM.Collect$$$$00000004) for __main_after_scatterload
    fgetc_b.o(.text) refers (Special) to iusesemig.o(.text) for __I$use$semihosting$fgetc
    fgetc_b.o(.text) refers (Special) to semi.o(.text) for __semihosting_library_function
    fgetc_b.o(.text) refers to fgetc_b.o(.data) for .data
    fgetc_b.o(.data) refers (Special) to iusesemig.o(.text) for __I$use$semihosting$fgetc
    fgetc_b.o(.data) refers (Special) to semi.o(.text) for __semihosting_library_function
    scanf_char.o(.text) refers to _scanf.o(.text) for __vfscanf
    scanf_char.o(.text) refers to isspace_c.o(.text) for isspace
    depilogue.o(.text) refers to llshl.o(.text) for __aeabi_llsl
    depilogue.o(.text) refers to llushr.o(.text) for __aeabi_llsr
    isspace_c.o(.text) refers to ctype_c.o(.text) for __ctype_lookup
    _scanf.o(.text) refers (Weak) to _scanf_str.o(.text) for _scanf_string
    ctype_c.o(.text) refers to ctype_c.o(.constdata) for .constdata


==============================================================================

Removing Unused input sections from the image.

    Removing dadd.o(.text), (332 bytes).
    Removing dmul.o(.text), (224 bytes).
    Removing ddiv.o(.text), (222 bytes).
    Removing dfixul.o(.text), (48 bytes).
    Removing cdrcmple.o(.text), (40 bytes).
    Removing depilogue.o(.text), (190 bytes).

6 unused section(s) (total 1056 bytes) removed from the image.

==============================================================================

Image Symbol Table

    Local Symbols

    Symbol Name                              Value     Ov Type        Size  Object(Section)

    RESET                                    0x00000000   Section      632  startup.o(RESET)
    ../../microlib/ctype/ctype.c             0x00000000   Number         0  isspace_c.o ABSOLUTE
    ../../microlib/ctype/ctype.c             0x00000000   Number         0  ctype_c.o ABSOLUTE
    ../../microlib/division.c                0x00000000   Number         0  uidiv.o ABSOLUTE
    ../../microlib/division.c                0x00000000   Number         0  uldiv.o ABSOLUTE
    ../../microlib/errno.c                   0x00000000   Number         0  errno.o ABSOLUTE
    ../../microlib/fpadd.c                   0x00000000   Number         0  dadd.o ABSOLUTE
    ../../microlib/fpdiv.c                   0x00000000   Number         0  ddiv.o ABSOLUTE
    ../../microlib/fpepilogue.c              0x00000000   Number         0  depilogue.o ABSOLUTE
    ../../microlib/fpfix.c                   0x00000000   Number         0  dfixul.o ABSOLUTE
    ../../microlib/fpmul.c                   0x00000000   Number         0  dmul.o ABSOLUTE
    ../../microlib/init/entry.s              0x00000000   Number         0  entry7a.o ABSOLUTE
    ../../microlib/init/entry.s              0x00000000   Number         0  entry7b.o ABSOLUTE
    ../../microlib/init/entry.s              0x00000000   Number         0  entry5.o ABSOLUTE
    ../../microlib/init/entry.s              0x00000000   Number         0  entry.o ABSOLUTE
    ../../microlib/init/entry.s              0x00000000   Number         0  entry8.o ABSOLUTE
    ../../microlib/init/entry.s              0x00000000   Number         0  entry2.o ABSOLUTE
    ../../microlib/longlong.c                0x00000000   Number         0  llsshr.o ABSOLUTE
    ../../microlib/longlong.c                0x00000000   Number         0  llshl.o ABSOLUTE
    ../../microlib/longlong.c                0x00000000   Number         0  llushr.o ABSOLUTE
    ../../microlib/malloc/malloc.c           0x00000000   Number         0  mallocr.o ABSOLUTE
    ../../microlib/malloc/malloc.c           0x00000000   Number         0  mallocra.o ABSOLUTE
    ../../microlib/malloc/malloc.c           0x00000000   Number         0  malloca.o ABSOLUTE
    ../../microlib/malloc/malloc.c           0x00000000   Number         0  malloc.o ABSOLUTE
    ../../microlib/malloc/mvars.c            0x00000000   Number         0  mvars.o ABSOLUTE
    ../../microlib/printf/printf.c           0x00000000   Number         0  printf3.o ABSOLUTE
    ../../microlib/printf/printf.c           0x00000000   Number         0  printf8.o ABSOLUTE
    ../../microlib/printf/printf.c           0x00000000   Number         0  printf2.o ABSOLUTE
    ../../microlib/printf/printf.c           0x00000000   Number         0  printf1.o ABSOLUTE
    ../../microlib/printf/printf.c           0x00000000   Number         0  printf0.o ABSOLUTE
    ../../microlib/printf/printf.c           0x00000000   Number         0  printf4.o ABSOLUTE
    ../../microlib/printf/printf.c           0x00000000   Number         0  printf5.o ABSOLUTE
    ../../microlib/printf/printf.c           0x00000000   Number         0  printf6.o ABSOLUTE
    ../../microlib/printf/printf.c           0x00000000   Number         0  printf7.o ABSOLUTE
    ../../microlib/printf/printf.c           0x00000000   Number         0  printfb.o ABSOLUTE
    ../../microlib/printf/printf.c           0x00000000   Number         0  printfa.o ABSOLUTE
    ../../microlib/printf/stubs.s            0x00000000   Number         0  stubs.o ABSOLUTE
    ../../microlib/stdio/fgetc.c             0x00000000   Number         0  fgetc_b.o ABSOLUTE
    ../../microlib/stdio/semi.s              0x00000000   Number         0  semi.o ABSOLUTE
    ../../microlib/stdio/streams.c           0x00000000   Number         0  stdout.o ABSOLUTE
    ../../microlib/stdio/streams.c           0x00000000   Number         0  stdin.o ABSOLUTE
    ../../microlib/stdlib/rand.c             0x00000000   Number         0  rand.o ABSOLUTE
    ../../microlib/string/memcpy.c           0x00000000   Number         0  memcpyb.o ABSOLUTE
    ../../microlib/string/memcpy.c           0x00000000   Number         0  memcpya.o ABSOLUTE
    ../../microlib/string/strncmp.c          0x00000000   Number         0  strncmp.o ABSOLUTE
    ../../microlib/stubs.s                   0x00000000   Number         0  iusesemig.o ABSOLUTE
    ../../microlib/stubs.s                   0x00000000   Number         0  iusefp.o ABSOLUTE
    ../../scanf.c                            0x00000000   Number         0  _scanf.o ABSOLUTE
    ../../scanf.c                            0x00000000   Number         0  scanf_char.o ABSOLUTE
    ../../scanf.c                            0x00000000   Number         0  scanf_char_file.o ABSOLUTE
    ../../scanf.c                            0x00000000   Number         0  __0scanf.o ABSOLUTE
    ../../scanf.c                            0x00000000   Number         0  _scanf_str.o ABSOLUTE
    PLL.c                                    0x00000000   Number         0  pll.o ABSOLUTE
    Startup.s                                0x00000000   Number         0  startup.o ABSOLUTE
    adc.c                                    0x00000000   Number         0  adc.o ABSOLUTE
    apps.c                                   0x00000000   Number         0  apps.o ABSOLUTE
    buttonpress.c                            0x00000000   Number         0  buttonpress.o ABSOLUTE
    cdrcmple.s                               0x00000000   Number         0  cdrcmple.o ABSOLUTE
    circular_buffer.c                        0x00000000   Number         0  circular_buffer.o ABSOLUTE
    dc.s                                     0x00000000   Number         0  dc.o ABSOLUTE
    gpioInitialize.c                         0x00000000   Number         0  gpioinitialize.o ABSOLUTE
    handlers.s                               0x00000000   Number         0  handlers.o ABSOLUTE
    init.s                                   0x00000000   Number         0  init.o ABSOLUTE
    led_chars.c                              0x00000000   Number         0  led_chars.o ABSOLUTE
    ledupdate.c                              0x00000000   Number         0  ledupdate.o ABSOLUTE
    main.c                                   0x00000000   Number         0  main.o ABSOLUTE
    spi.c                                    0x00000000   Number         0  spi.o ABSOLUTE
    timer.c                                  0x00000000   Number         0  timer.o ABSOLUTE
    uart.c                                   0x00000000   Number         0  uart.o ABSOLUTE
    NmiSR                                    0x00000271   Thumb Code     0  startup.o(RESET)
    FaultISR                                 0x00000273   Thumb Code     0  startup.o(RESET)
    IntDefaultHandler                        0x00000275   Thumb Code     0  startup.o(RESET)
    .ARM.Collect$$$$00000000                 0x00000278   Section        0  entry.o(.ARM.Collect$$$$00000000)
    .ARM.Collect$$$$00000001                 0x00000278   Section        4  entry2.o(.ARM.Collect$$$$00000001)
    .ARM.Collect$$$$00000004                 0x0000027c   Section        4  entry5.o(.ARM.Collect$$$$00000004)
    .ARM.Collect$$$$00000008                 0x00000280   Section        0  entry7b.o(.ARM.Collect$$$$00000008)
    .ARM.Collect$$$$00000009                 0x00000280   Section        8  entry8.o(.ARM.Collect$$$$00000009)
    .ARM.Collect$$$$00002712                 0x00000288   Section        4  entry2.o(.ARM.Collect$$$$00002712)
    __lit__00000000                          0x00000288   Data           4  entry2.o(.ARM.Collect$$$$00002712)
    .text                                    0x0000028c   Section       68  startup.o(.text)
    .text                                    0x000002d0   Section        0  main.o(.text)
    .text                                    0x0000033c   Section        0  gpioinitialize.o(.text)
    .text                                    0x000004dc   Section        0  uart.o(.text)
    .text                                    0x00000c30   Section        0  circular_buffer.o(.text)
    .text                                    0x00000d00   Section        0  adc.o(.text)
    .text                                    0x00000e68   Section        0  timer.o(.text)
    .text                                    0x00000fb8   Section        0  buttonpress.o(.text)
    .text                                    0x00001188   Section        0  ledupdate.o(.text)
    .text                                    0x000016fc   Section        0  led_chars.o(.text)
    decimalToBcd                             0x000016fd   Thumb Code    46  led_chars.o(.text)
    getSpeed                                 0x0000172b   Thumb Code   152  led_chars.o(.text)
    getSquare                                0x000017c3   Thumb Code   538  led_chars.o(.text)
    .text                                    0x00001b24   Section        0  spi.o(.text)
    .text                                    0x00001e34   Section        0  apps.o(.text)
    .text                                    0x00002354   Section        0  pll.o(.text)
    .text                                    0x000023e0   Section        0  uldiv.o(.text)
    .text                                    0x00002444   Section        0  rand.o(.text)
    .text                                    0x00002468   Section        0  strncmp.o(.text)
    .text                                    0x00002488   Section        0  __0scanf.o(.text)
    .text                                    0x000024a8   Section        0  _scanf_str.o(.text)
    .text                                    0x00002582   Section        0  uidiv.o(.text)
    .text                                    0x000025ae   Section        0  llshl.o(.text)
    .text                                    0x000025cc   Section        0  llushr.o(.text)
    .text                                    0x000025ec   Section        0  scanf_char_file.o(.text)
    .text                                    0x00002600   Section       36  init.o(.text)
    .text                                    0x00002624   Section        0  fgetc_b.o(.text)
    .text                                    0x00002650   Section        0  scanf_char.o(.text)
    _scanf_char_input                        0x00002651   Thumb Code    12  scanf_char.o(.text)
    .text                                    0x0000267c   Section        0  semi.o(.text)
    .text                                    0x0000267c   Section        0  isspace_c.o(.text)
    .text                                    0x00002688   Section        0  _scanf.o(.text)
    .text                                    0x000029ac   Section        0  iusesemig.o(.text)
    .text                                    0x000029ac   Section        0  ctype_c.o(.text)
    i.__0printf$6                            0x000029d4   Section        0  printf6.o(i.__0printf$6)
    i.__0sprintf$6                           0x000029f4   Section        0  printf6.o(i.__0sprintf$6)
    i.__aeabi_errno_addr                     0x00002a1c   Section        0  errno.o(i.__aeabi_errno_addr)
    i.__scatterload_copy                     0x00002a24   Section       14  handlers.o(i.__scatterload_copy)
    i.__scatterload_null                     0x00002a32   Section        2  handlers.o(i.__scatterload_null)
    i.__scatterload_zeroinit                 0x00002a34   Section       14  handlers.o(i.__scatterload_zeroinit)
    i._printf_core                           0x00002a44   Section        0  printf6.o(i._printf_core)
    _printf_core                             0x00002a45   Thumb Code   750  printf6.o(i._printf_core)
    i._printf_post_padding                   0x00002d38   Section        0  printf6.o(i._printf_post_padding)
    _printf_post_padding                     0x00002d39   Thumb Code    38  printf6.o(i._printf_post_padding)
    i._printf_pre_padding                    0x00002d5e   Section        0  printf6.o(i._printf_pre_padding)
    _printf_pre_padding                      0x00002d5f   Thumb Code    48  printf6.o(i._printf_pre_padding)
    i._sputc                                 0x00002d8e   Section        0  printf6.o(i._sputc)
    _sputc                                   0x00002d8f   Thumb Code    10  printf6.o(i._sputc)
    i.malloc                                 0x00002d98   Section        0  malloc.o(i.malloc)
    .constdata                               0x00002e04   Section       24  ledupdate.o(.constdata)
    LED_FACES                                0x00002e04   Data          24  ledupdate.o(.constdata)
    .constdata                               0x00002e1c   Section      131  led_chars.o(.constdata)
    LED_SQR                                  0x00002e1c   Data           3  led_chars.o(.constdata)
    LED_LUT                                  0x00002e1f   Data         128  led_chars.o(.constdata)
    .constdata                               0x00002e9f   Section       64  ctype_c.o(.constdata)
    .data                                    0x20000000   Section        2  adc.o(.data)
    .data                                    0x20000004   Section       12  timer.o(.data)
    count                                    0x20000008   Data           4  timer.o(.data)
    secCount                                 0x2000000c   Data           4  timer.o(.data)
    .data                                    0x20000010   Section       10  buttonpress.o(.data)
    countSW2_0                               0x20000012   Data           1  buttonpress.o(.data)
    countSW2_1                               0x20000013   Data           1  buttonpress.o(.data)
    countSW3_0                               0x20000014   Data           1  buttonpress.o(.data)
    countSW3_1                               0x20000015   Data           1  buttonpress.o(.data)
    countSW4_0                               0x20000016   Data           1  buttonpress.o(.data)
    countSW4_1                               0x20000017   Data           1  buttonpress.o(.data)
    countSW5_0                               0x20000018   Data           1  buttonpress.o(.data)
    countSW5_1                               0x20000019   Data           1  buttonpress.o(.data)
    .data                                    0x2000001c   Section       20  ledupdate.o(.data)
    faceEnable                               0x2000001c   Data           1  ledupdate.o(.data)
    row                                      0x2000002c   Data           1  ledupdate.o(.data)
    ROW                                      0x2000002d   Data           1  ledupdate.o(.data)
    faceColor                                0x2000002e   Data           1  ledupdate.o(.data)
    .data                                    0x20000030   Section       41  led_chars.o(.data)
    tens                                     0x20000030   Data           1  led_chars.o(.data)
    ones                                     0x20000031   Data           1  led_chars.o(.data)
    count_time                               0x20000048   Data           8  led_chars.o(.data)
    count_time                               0x20000050   Data           8  led_chars.o(.data)
    scoreEnable                              0x20000058   Data           1  led_chars.o(.data)
    .data                                    0x2000005c   Section        4  spi.o(.data)
    Spi0                                     0x2000005c   Data           4  spi.o(.data)
    .data                                    0x20000060   Section       16  apps.o(.data)
    gameActive                               0x2000006b   Data           1  apps.o(.data)
    WatchdogEnable                           0x2000006c   Data           1  apps.o(.data)
    last_score                               0x2000006d   Data           1  apps.o(.data)
    flag                                     0x2000006e   Data           2  apps.o(.data)
    .data                                    0x20000070   Section        4  stdin.o(.data)
    .data                                    0x20000074   Section        4  stdout.o(.data)
    .data                                    0x20000078   Section        4  rand.o(.data)
    _rand_state                              0x20000078   Data           4  rand.o(.data)
    .data                                    0x2000007c   Section        4  errno.o(.data)
    _errno                                   0x2000007c   Data           4  errno.o(.data)
    .data                                    0x20000080   Section        4  mvars.o(.data)
    .data                                    0x20000084   Section        4  mvars.o(.data)
    .data                                    0x20000088   Section        3  fgetc_b.o(.data)
    ungetc_sp                                0x20000088   Data           1  fgetc_b.o(.data)
    ungetc_stack                             0x20000089   Data           2  fgetc_b.o(.data)
    .bss                                     0x2000008c   Section       96  uart.o(.bss)
    .bss                                     0x200000ec   Section        9  led_chars.o(.bss)
    buffer                                   0x200000ec   Data           9  led_chars.o(.bss)
    .bss                                     0x200000f5   Section       15  apps.o(.bss)
    cur_gamer_name                           0x200000f5   Data          15  apps.o(.bss)
    HEAP                                     0x20000108   Section     4096  startup.o(HEAP)
    STACK                                    0x20001108   Section     4096  startup.o(STACK)
    StackMem                                 0x20001108   Data           0  startup.o(STACK)

    Global Symbols

    Symbol Name                              Value     Ov Type        Size  Object(Section)

    BuildAttributes$$THM_ISAv4$E$P$D$K$B$S$7EM$VFPi3$EXTD16$VFPS$VFMA$PE$A:L22UL41UL21$X:L11$S22US41US21$IEEE1$IW$USESV6$~STKCKD$USESV7$~SHL$OSPACE$ROPI$EBA8$MICROLIB$REQ8$PRES8$EABIv2 0x00000000   Number         0  anon$$obj.o ABSOLUTE
    __ARM_use_no_argv                        0x00000000   Number         0  main.o ABSOLUTE
    __Vectors                                0x00000000   Data           4  startup.o(RESET)
    _printf_a                                0x00000000   Number         0  stubs.o ABSOLUTE
    _printf_c                                0x00000000   Number         0  stubs.o ABSOLUTE
    _printf_charcount                        0x00000000   Number         0  stubs.o ABSOLUTE
    _printf_d                                0x00000000   Number         0  stubs.o ABSOLUTE
    _printf_e                                0x00000000   Number         0  stubs.o ABSOLUTE
    _printf_f                                0x00000000   Number         0  stubs.o ABSOLUTE
    _printf_flags                            0x00000000   Number         0  stubs.o ABSOLUTE
    _printf_fp_dec                           0x00000000   Number         0  stubs.o ABSOLUTE
    _printf_fp_hex                           0x00000000   Number         0  stubs.o ABSOLUTE
    _printf_g                                0x00000000   Number         0  stubs.o ABSOLUTE
    _printf_i                                0x00000000   Number         0  stubs.o ABSOLUTE
    _printf_int_dec                          0x00000000   Number         0  stubs.o ABSOLUTE
    _printf_l                                0x00000000   Number         0  stubs.o ABSOLUTE
    _printf_lc                               0x00000000   Number         0  stubs.o ABSOLUTE
    _printf_ll                               0x00000000   Number         0  stubs.o ABSOLUTE
    _printf_lld                              0x00000000   Number         0  stubs.o ABSOLUTE
    _printf_lli                              0x00000000   Number         0  stubs.o ABSOLUTE
    _printf_llo                              0x00000000   Number         0  stubs.o ABSOLUTE
    _printf_llu                              0x00000000   Number         0  stubs.o ABSOLUTE
    _printf_llx                              0x00000000   Number         0  stubs.o ABSOLUTE
    _printf_longlong_dec                     0x00000000   Number         0  stubs.o ABSOLUTE
    _printf_longlong_hex                     0x00000000   Number         0  stubs.o ABSOLUTE
    _printf_longlong_oct                     0x00000000   Number         0  stubs.o ABSOLUTE
    _printf_ls                               0x00000000   Number         0  stubs.o ABSOLUTE
    _printf_mbtowc                           0x00000000   Number         0  stubs.o ABSOLUTE
    _printf_n                                0x00000000   Number         0  stubs.o ABSOLUTE
    _printf_o                                0x00000000   Number         0  stubs.o ABSOLUTE
    _printf_p                                0x00000000   Number         0  stubs.o ABSOLUTE
    _printf_percent                          0x00000000   Number         0  stubs.o ABSOLUTE
    _printf_pre_padding                      0x00000000   Number         0  stubs.o ABSOLUTE
    _printf_return_value                     0x00000000   Number         0  stubs.o ABSOLUTE
    _printf_s                                0x00000000   Number         0  stubs.o ABSOLUTE
    _printf_sizespec                         0x00000000   Number         0  stubs.o ABSOLUTE
    _printf_str                              0x00000000   Number         0  stubs.o ABSOLUTE
    _printf_truncate_signed                  0x00000000   Number         0  stubs.o ABSOLUTE
    _printf_truncate_unsigned                0x00000000   Number         0  stubs.o ABSOLUTE
    _printf_u                                0x00000000   Number         0  stubs.o ABSOLUTE
    _printf_wc                               0x00000000   Number         0  stubs.o ABSOLUTE
    _printf_wctomb                           0x00000000   Number         0  stubs.o ABSOLUTE
    _printf_widthprec                        0x00000000   Number         0  stubs.o ABSOLUTE
    _printf_x                                0x00000000   Number         0  stubs.o ABSOLUTE
    __decompress                              - Undefined Weak Reference
    _clock_init                               - Undefined Weak Reference
    _scanf_int                                - Undefined Weak Reference
    _scanf_longlong                           - Undefined Weak Reference
    _scanf_real                               - Undefined Weak Reference
    Reset_Handler                            0x0000026d   Thumb Code     0  startup.o(RESET)
    __main                                   0x00000279   Thumb Code     0  entry.o(.ARM.Collect$$$$00000000)
    _main_stk                                0x00000279   Thumb Code     0  entry2.o(.ARM.Collect$$$$00000001)
    _main_scatterload                        0x0000027d   Thumb Code     0  entry5.o(.ARM.Collect$$$$00000004)
    __main_after_scatterload                 0x00000281   Thumb Code     0  entry5.o(.ARM.Collect$$$$00000004)
    _main_clock                              0x00000281   Thumb Code     0  entry7b.o(.ARM.Collect$$$$00000008)
    _main_init                               0x00000281   Thumb Code     0  entry8.o(.ARM.Collect$$$$00000009)
    DisableInterrupts                        0x0000028d   Thumb Code     0  startup.o(.text)
    EnableInterrupts                         0x00000291   Thumb Code     0  startup.o(.text)
    StartCritical                            0x00000295   Thumb Code     0  startup.o(.text)
    EndCritical                              0x0000029d   Thumb Code     0  startup.o(.text)
    WaitForInterrupt                         0x000002a3   Thumb Code     0  startup.o(.text)
    getHeapBase                              0x000002a7   Thumb Code     0  startup.o(.text)
    getHeapSize                              0x000002b1   Thumb Code     0  startup.o(.text)
    getStackBase                             0x000002c7   Thumb Code     0  startup.o(.text)
    initializeBoard                          0x000002d1   Thumb Code    58  main.o(.text)
    main                                     0x0000030b   Thumb Code    34  main.o(.text)
    initializeGpioPins                       0x0000033d   Thumb Code   372  gpioinitialize.o(.text)
    InitializeUART                           0x000004dd   Thumb Code   580  uart.o(.text)
    uartRx                                   0x00000721   Thumb Code   272  uart.o(.text)
    uartTx                                   0x00000831   Thumb Code   290  uart.o(.text)
    UART0IntHandler                          0x00000953   Thumb Code   196  uart.o(.text)
    UART2IntHandler                          0x00000a17   Thumb Code   196  uart.o(.text)
    UART5IntHandler                          0x00000adb   Thumb Code   198  uart.o(.text)
    fputc                                    0x00000ba1   Thumb Code    48  uart.o(.text)
    fgetc                                    0x00000bd1   Thumb Code    50  uart.o(.text)
    cBufInit                                 0x00000c31   Thumb Code    48  circular_buffer.o(.text)
    cBufAddChar                              0x00000c61   Thumb Code    82  circular_buffer.o(.text)
    cBufGetChar                              0x00000cb3   Thumb Code    60  circular_buffer.o(.text)
    cBufGetFreeCount                         0x00000cef   Thumb Code    18  circular_buffer.o(.text)
    initializeADC                            0x00000d01   Thumb Code   164  adc.o(.text)
    GetADCval                                0x00000da5   Thumb Code    54  adc.o(.text)
    getDutyCycle                             0x00000ddb   Thumb Code   110  adc.o(.text)
    SYSTICKIntHandler                        0x00000e69   Thumb Code    86  timer.o(.text)
    Timer0AHandler                           0x00000ebf   Thumb Code    16  timer.o(.text)
    initializeSysTick                        0x00000ecf   Thumb Code    34  timer.o(.text)
    initializeTimer0A                        0x00000ef1   Thumb Code    92  timer.o(.text)
    initializeWatchdogTimer1                 0x00000f4d   Thumb Code    60  timer.o(.text)
    examineButtons                           0x00000fb9   Thumb Code   404  buttonpress.o(.text)
    MasterDisplayUpdate                      0x00001189   Thumb Code   618  ledupdate.o(.text)
    faceUpdate                               0x000013f3   Thumb Code   246  ledupdate.o(.text)
    faceOn                                   0x000014e9   Thumb Code    52  ledupdate.o(.text)
    faceOff                                  0x0000151d   Thumb Code     8  ledupdate.o(.text)
    SlaveDisplayUpdate                       0x00001525   Thumb Code   452  ledupdate.o(.text)
    getLCDRow                                0x000019dd   Thumb Code    70  led_chars.o(.text)
    getLCDRow_ColorMix                       0x00001a23   Thumb Code   168  led_chars.o(.text)
    initializeSPI0                           0x00001b25   Thumb Code   268  spi.o(.text)
    spiTx                                    0x00001c31   Thumb Code   310  spi.o(.text)
    spi_eeprom_read_status                   0x00001d67   Thumb Code    30  spi.o(.text)
    spi_eeprom_wait_write_in_progress        0x00001d85   Thumb Code    26  spi.o(.text)
    spi_eeprom_read_byte                     0x00001d9f   Thumb Code    48  spi.o(.text)
    spi_eeprom_write_disable                 0x00001dcf   Thumb Code    18  spi.o(.text)
    spi_eeprom_write_enable                  0x00001de1   Thumb Code    18  spi.o(.text)
    spi_eeprom_write_byte                    0x00001df3   Thumb Code    52  spi.o(.text)
    WatchDogClear                            0x00001e35   Thumb Code   122  apps.o(.text)
    update_score_on_slave                    0x00001eaf   Thumb Code   136  apps.o(.text)
    spi                                      0x00001f37   Thumb Code   202  apps.o(.text)
    gameOverDec                              0x00002001   Thumb Code   120  apps.o(.text)
    detectMaster                             0x00002079   Thumb Code   100  apps.o(.text)
    start_game_face                          0x000020dd   Thumb Code   126  apps.o(.text)
    masterApp                                0x0000215b   Thumb Code   102  apps.o(.text)
    slaveApp                                 0x000021c1   Thumb Code    78  apps.o(.text)
    PLL_Init                                 0x00002355   Thumb Code   134  pll.o(.text)
    __aeabi_uldivmod                         0x000023e1   Thumb Code    98  uldiv.o(.text)
    rand                                     0x00002445   Thumb Code    20  rand.o(.text)
    srand                                    0x00002459   Thumb Code     6  rand.o(.text)
    strncmp                                  0x00002469   Thumb Code    30  strncmp.o(.text)
    __0scanf                                 0x00002489   Thumb Code    26  __0scanf.o(.text)
    _scanf_string                            0x000024a9   Thumb Code   218  _scanf_str.o(.text)
    __aeabi_uidiv                            0x00002583   Thumb Code     0  uidiv.o(.text)
    __aeabi_uidivmod                         0x00002583   Thumb Code    44  uidiv.o(.text)
    __aeabi_llsl                             0x000025af   Thumb Code    30  llshl.o(.text)
    _ll_shift_l                              0x000025af   Thumb Code     0  llshl.o(.text)
    __aeabi_llsr                             0x000025cd   Thumb Code    32  llushr.o(.text)
    _ll_ushift_r                             0x000025cd   Thumb Code     0  llushr.o(.text)
    __vfscanf_char_file                      0x000025ed   Thumb Code    12  scanf_char_file.o(.text)
    __scatterload                            0x00002601   Thumb Code    28  init.o(.text)
    __scatterload_rt2                        0x00002601   Thumb Code     0  init.o(.text)
    _fgetc$bs                                0x00002625   Thumb Code    28  fgetc_b.o(.text)
    __backspace                              0x00002641   Thumb Code    10  fgetc_b.o(.text)
    __vfscanf_char                           0x0000265d   Thumb Code    22  scanf_char.o(.text)
    __semihosting_library_function           0x0000267d   Thumb Code     0  semi.o(.text)
    isspace                                  0x0000267d   Thumb Code    10  isspace_c.o(.text)
    __vfscanf                                0x00002689   Thumb Code   800  _scanf.o(.text)
    __I$use$semihosting$fgetc                0x000029ad   Thumb Code     0  iusesemig.o(.text)
    __ctype_lookup                           0x000029ad   Thumb Code    34  ctype_c.o(.text)
    __0printf$6                              0x000029d5   Thumb Code    22  printf6.o(i.__0printf$6)
    __1printf$6                              0x000029d5   Thumb Code     0  printf6.o(i.__0printf$6)
    __2printf                                0x000029d5   Thumb Code     0  printf6.o(i.__0printf$6)
    __0sprintf$6                             0x000029f5   Thumb Code    34  printf6.o(i.__0sprintf$6)
    __1sprintf$6                             0x000029f5   Thumb Code     0  printf6.o(i.__0sprintf$6)
    __2sprintf                               0x000029f5   Thumb Code     0  printf6.o(i.__0sprintf$6)
    __aeabi_errno_addr                       0x00002a1d   Thumb Code     4  errno.o(i.__aeabi_errno_addr)
    __rt_errno_addr                          0x00002a1d   Thumb Code     0  errno.o(i.__aeabi_errno_addr)
    __scatterload_copy                       0x00002a25   Thumb Code    14  handlers.o(i.__scatterload_copy)
    __scatterload_null                       0x00002a33   Thumb Code     2  handlers.o(i.__scatterload_null)
    __scatterload_zeroinit                   0x00002a35   Thumb Code    14  handlers.o(i.__scatterload_zeroinit)
    malloc                                   0x00002d99   Thumb Code    92  malloc.o(i.malloc)
    __ctype_categories                       0x00002e9f   Data          64  ctype_c.o(.constdata)
    Region$$Table$$Base                      0x00002ee0   Number         0  anon$$obj.o(Region$$Table)
    Region$$Table$$Limit                     0x00002f00   Number         0  anon$$obj.o(Region$$Table)
    NewdutyCycle1                            0x20000000   Data           1  adc.o(.data)
    NewdutyCycle2                            0x20000001   Data           1  adc.o(.data)
    AlertDebounce                            0x20000004   Data           1  timer.o(.data)
    AlertRowUpdate                           0x20000005   Data           1  timer.o(.data)
    AlertADC0                                0x20000006   Data           1  timer.o(.data)
    FaceUpdate                               0x20000007   Data           1  timer.o(.data)
    Color                                    0x20000010   Data           1  buttonpress.o(.data)
    hit                                      0x20000011   Data           1  buttonpress.o(.data)
    Row                                      0x2000001d   Data           1  ledupdate.o(.data)
    mix_color_flag                           0x2000001e   Data           1  ledupdate.o(.data)
    PortB                                    0x20000020   Data           4  ledupdate.o(.data)
    PortC                                    0x20000024   Data           4  ledupdate.o(.data)
    PortF                                    0x20000028   Data           4  ledupdate.o(.data)
    faceNum                                  0x2000002f   Data           1  ledupdate.o(.data)
    current_patten                           0x20000032   Data           8  led_chars.o(.data)
    current_patten_2                         0x2000003a   Data           8  led_chars.o(.data)
    gameEnd                                  0x20000042   Data           1  led_chars.o(.data)
    refresh                                  0x20000043   Data           1  led_chars.o(.data)
    miss_count                               0x20000060   Data           2  apps.o(.data)
    hit_count                                0x20000062   Data           2  apps.o(.data)
    wait_count                               0x20000064   Data           2  apps.o(.data)
    score                                    0x20000066   Data           2  apps.o(.data)
    OneSecond                                0x20000068   Data           1  apps.o(.data)
    WatchdogClear                            0x20000069   Data           1  apps.o(.data)
    masterDevice                             0x2000006a   Data           1  apps.o(.data)
    __stdin                                  0x20000070   Data           4  stdin.o(.data)
    __stdout                                 0x20000074   Data           4  stdout.o(.data)
    __microlib_freelist                      0x20000080   Data           4  mvars.o(.data)
    __microlib_freelist_initialised          0x20000084   Data           4  mvars.o(.data)
    uart0_rx_buff                            0x2000008c   Data          16  uart.o(.bss)
    uart0_tx_buff                            0x2000009c   Data          16  uart.o(.bss)
    uart2_rx_buff                            0x200000ac   Data          16  uart.o(.bss)
    uart2_tx_buff                            0x200000bc   Data          16  uart.o(.bss)
    uart5_rx_buff                            0x200000cc   Data          16  uart.o(.bss)
    uart5_tx_buff                            0x200000dc   Data          16  uart.o(.bss)
    __heap_base                              0x20000108   Data           0  startup.o(HEAP)
    __heap_limit                             0x20001108   Data           0  startup.o(HEAP)
    __initial_sp                             0x20002108   Data           0  startup.o(STACK)



==============================================================================

Memory Map of the image

  Image Entry point : 0x00000279

  Load Region LR_IROM (Base: 0x00000000, Size: 0x00002f8c, Max: 0x00040000, ABSOLUTE)

    Execution Region ER_IROM (Base: 0x00000000, Size: 0x00002f00, Max: 0x00040000, ABSOLUTE)

    Base Addr    Size         Type   Attr      Idx    E Section Name        Object

    0x00000000   0x00000278   Code   RO            3    RESET               startup.o
    0x00000278   0x00000000   Code   RO          269  * .ARM.Collect$$$$00000000  mc_w.l(entry.o)
    0x00000278   0x00000004   Code   RO          581    .ARM.Collect$$$$00000001  mc_w.l(entry2.o)
    0x0000027c   0x00000004   Code   RO          584    .ARM.Collect$$$$00000004  mc_w.l(entry5.o)
    0x00000280   0x00000000   Code   RO          586    .ARM.Collect$$$$00000008  mc_w.l(entry7b.o)
    0x00000280   0x00000008   Code   RO          587    .ARM.Collect$$$$00000009  mc_w.l(entry8.o)
    0x00000288   0x00000004   Code   RO          582    .ARM.Collect$$$$00002712  mc_w.l(entry2.o)
    0x0000028c   0x00000044   Code   RO            4    .text               startup.o
    0x000002d0   0x0000006c   Code   RO           11    .text               main.o
    0x0000033c   0x000001a0   Code   RO           74    .text               gpioinitialize.o
    0x000004dc   0x00000754   Code   RO           89    .text               uart.o
    0x00000c30   0x000000d0   Code   RO          107    .text               circular_buffer.o
    0x00000d00   0x00000168   Code   RO          122    .text               adc.o
    0x00000e68   0x00000150   Code   RO          141    .text               timer.o
    0x00000fb8   0x000001d0   Code   RO          160    .text               buttonpress.o
    0x00001188   0x00000574   Code   RO          176    .text               ledupdate.o
    0x000016fc   0x00000428   Code   RO          196    .text               led_chars.o
    0x00001b24   0x00000310   Code   RO          214    .text               spi.o
    0x00001e34   0x00000520   Code   RO          231    .text               apps.o
    0x00002354   0x0000008c   Code   RO          254    .text               pll.lib(pll.o)
    0x000023e0   0x00000062   Code   RO          274    .text               mc_w.l(uldiv.o)
    0x00002442   0x00000002   PAD
    0x00002444   0x00000024   Code   RO          276    .text               mc_w.l(rand.o)
    0x00002468   0x0000001e   Code   RO          279    .text               mc_w.l(strncmp.o)
    0x00002486   0x00000002   PAD
    0x00002488   0x00000020   Code   RO          577    .text               mc_w.l(__0scanf.o)
    0x000024a8   0x000000da   Code   RO          579    .text               mc_w.l(_scanf_str.o)
    0x00002582   0x0000002c   Code   RO          588    .text               mc_w.l(uidiv.o)
    0x000025ae   0x0000001e   Code   RO          590    .text               mc_w.l(llshl.o)
    0x000025cc   0x00000020   Code   RO          592    .text               mc_w.l(llushr.o)
    0x000025ec   0x00000014   Code   RO          600    .text               mc_w.l(scanf_char_file.o)
    0x00002600   0x00000024   Code   RO          613    .text               mc_w.l(init.o)
    0x00002624   0x0000002c   Code   RO          615    .text               mc_w.l(fgetc_b.o)
    0x00002650   0x0000002c   Code   RO          620    .text               mc_w.l(scanf_char.o)
    0x0000267c   0x00000000   Code   RO          624    .text               mc_w.l(semi.o)
    0x0000267c   0x0000000a   Code   RO          625    .text               mc_w.l(isspace_c.o)
    0x00002686   0x00000002   PAD
    0x00002688   0x00000324   Code   RO          627    .text               mc_w.l(_scanf.o)
    0x000029ac   0x00000000   Code   RO          629    .text               mc_w.l(iusesemig.o)
    0x000029ac   0x00000028   Code   RO          630    .text               mc_w.l(ctype_c.o)
    0x000029d4   0x00000020   Code   RO          436    i.__0printf$6       mc_w.l(printf6.o)
    0x000029f4   0x00000028   Code   RO          438    i.__0sprintf$6      mc_w.l(printf6.o)
    0x00002a1c   0x00000008   Code   RO          570    i.__aeabi_errno_addr  mc_w.l(errno.o)
    0x00002a24   0x0000000e   Code   RO          635    i.__scatterload_copy  mc_w.l(handlers.o)
    0x00002a32   0x00000002   Code   RO          636    i.__scatterload_null  mc_w.l(handlers.o)
    0x00002a34   0x0000000e   Code   RO          637    i.__scatterload_zeroinit  mc_w.l(handlers.o)
    0x00002a42   0x00000002   PAD
    0x00002a44   0x000002f4   Code   RO          443    i._printf_core      mc_w.l(printf6.o)
    0x00002d38   0x00000026   Code   RO          444    i._printf_post_padding  mc_w.l(printf6.o)
    0x00002d5e   0x00000030   Code   RO          445    i._printf_pre_padding  mc_w.l(printf6.o)
    0x00002d8e   0x0000000a   Code   RO          447    i._sputc            mc_w.l(printf6.o)
    0x00002d98   0x0000006c   Code   RO          543    i.malloc            mc_w.l(malloc.o)
    0x00002e04   0x00000018   Data   RO          177    .constdata          ledupdate.o
    0x00002e1c   0x00000083   Data   RO          198    .constdata          led_chars.o
    0x00002e9f   0x00000040   Data   RO          631    .constdata          mc_w.l(ctype_c.o)
    0x00002edf   0x00000001   PAD
    0x00002ee0   0x00000020   Data   RO          633    Region$$Table       anon$$obj.o


    Execution Region RW_IRAM (Base: 0x20000000, Size: 0x00002108, Max: 0x00010000, ABSOLUTE)

    Base Addr    Size         Type   Attr      Idx    E Section Name        Object

    0x20000000   0x00000002   Data   RW          123    .data               adc.o
    0x20000002   0x00000002   PAD
    0x20000004   0x0000000c   Data   RW          142    .data               timer.o
    0x20000010   0x0000000a   Data   RW          161    .data               buttonpress.o
    0x2000001a   0x00000002   PAD
    0x2000001c   0x00000014   Data   RW          178    .data               ledupdate.o
    0x20000030   0x00000029   Data   RW          199    .data               led_chars.o
    0x20000059   0x00000003   PAD
    0x2000005c   0x00000004   Data   RW          215    .data               spi.o
    0x20000060   0x00000010   Data   RW          233    .data               apps.o
    0x20000070   0x00000004   Data   RW          272    .data               mc_w.l(stdin.o)
    0x20000074   0x00000004   Data   RW          273    .data               mc_w.l(stdout.o)
    0x20000078   0x00000004   Data   RW          277    .data               mc_w.l(rand.o)
    0x2000007c   0x00000004   Data   RW          573    .data               mc_w.l(errno.o)
    0x20000080   0x00000004   Data   RW          598    .data               mc_w.l(mvars.o)
    0x20000084   0x00000004   Data   RW          599    .data               mc_w.l(mvars.o)
    0x20000088   0x00000003   Data   RW          616    .data               mc_w.l(fgetc_b.o)
    0x2000008b   0x00000001   PAD
    0x2000008c   0x00000060   Zero   RW           90    .bss                uart.o
    0x200000ec   0x00000009   Zero   RW          197    .bss                led_chars.o
    0x200000f5   0x0000000f   Zero   RW          232    .bss                apps.o
    0x20000104   0x00000004   PAD
    0x20000108   0x00001000   Zero   RW            2    HEAP                startup.o
    0x20001108   0x00001000   Zero   RW            1    STACK               startup.o


==============================================================================

Image component sizes


      Code (inc. data)   RO Data    RW Data    ZI Data      Debug   Object Name

       360         32          0          2          0       1333   adc.o
      1312        326          0         16         15       3341   apps.o
       464         60          0         10          0       1501   buttonpress.o
       208          0          0          0          0       2096   circular_buffer.o
       416         44          0          0          0       2409   gpioinitialize.o
      1064         90        131         41          9       3144   led_chars.o
      1396         80         24         20          0       2348   ledupdate.o
       108         16          0          0          0       7811   main.o
       784         14          0          4          0       4304   spi.o
       700        622          0          0       8192        408   startup.o
       336         48          0         12          0       1664   timer.o
      1876        120          0          0         96       5233   uart.o

    ----------------------------------------------------------------------
      9024       1452        187        112       8316      35592   Object Totals
         0          0         32          0          0          0   (incl. Generated)
         0          0          0          7          4          0   (incl. Padding)

    ----------------------------------------------------------------------

      Code (inc. data)   RO Data    RW Data    ZI Data      Debug   Library Member Name

        32          6          0          0          0         84   __0scanf.o
       804          4          0          0          0        116   _scanf.o
       218          0          0          0          0         96   _scanf_str.o
        40          6         64          0          0         68   ctype_c.o
         0          0          0          0          0          0   entry.o
         8          4          0          0          0          0   entry2.o
         4          0          0          0          0          0   entry5.o
         0          0          0          0          0          0   entry7b.o
         8          4          0          0          0          0   entry8.o
         8          4          0          4          0         68   errno.o
        44          6          0          3          0        144   fgetc_b.o
        30          0          0          0          0          0   handlers.o
        36          8          0          0          0         68   init.o
        10          0          0          0          0         68   isspace_c.o
         0          0          0          0          0          0   iusesemig.o
        30          0          0          0          0         68   llshl.o
        32          0          0          0          0         68   llushr.o
       108         16          0          0          0         84   malloc.o
         0          0          0          8          0          0   mvars.o
       924         22          0          0          0        504   printf6.o
        36         10          0          4          0        136   rand.o
        44         10          0          0          0         84   scanf_char.o
        20          8          0          0          0         68   scanf_char_file.o
         0          0          0          0          0          0   semi.o
         0          0          0          4          0          0   stdin.o
         0          0          0          4          0          0   stdout.o
        30          0          0          0          0         80   strncmp.o
        44          0          0          0          0         80   uidiv.o
        98          0          0          0          0         92   uldiv.o
       140          6          0          0          0        451   pll.o

    ----------------------------------------------------------------------
      2756        114         65         28          0       2427   Library Totals
         8          0          1          1          0          0   (incl. Padding)

    ----------------------------------------------------------------------

      Code (inc. data)   RO Data    RW Data    ZI Data      Debug   Library Name

      2608        108         64         27          0       1976   mc_w.l
       140          6          0          0          0        451   pll.lib

    ----------------------------------------------------------------------
      2756        114         65         28          0       2427   Library Totals

    ----------------------------------------------------------------------

==============================================================================


      Code (inc. data)   RO Data    RW Data    ZI Data      Debug   

     11780       1566        252        140       8316      36355   Grand Totals
     11780       1566        252        140       8316      36355   ELF Image Totals
     11780       1566        252        140          0          0   ROM Totals

==============================================================================

    Total RO  Size (Code + RO Data)                12032 (  11.75kB)
    Total RW  Size (RW Data + ZI Data)              8456 (   8.26kB)
    Total ROM Size (Code + RO Data + RW Data)      12172 (  11.89kB)

==============================================================================

